[     342ms] [INFO] %cDownload the React DevTools for a better development experience: https://react.dev/link/react-devtools font-weight:bold @ webpack-internal:///(app-pages-browser)/./node_modules/next/dist/compiled/react-dom/cjs/react-dom-client.development.js:25630
[     414ms] ReferenceError: process is not defined
    at eval (webpack-internal:///(app-pages-browser)/./src/lib/firebase.ts:14:14)
    at (app-pages-browser)/./src/lib/firebase.ts (http://localhost:3000/_next/static/chunks/app/app/page.js:434:1)
    at options.factory (http://localhost:3000/_next/static/chunks/webpack.js?v=1783571355236:704:31)
    at __webpack_require__ (http://localhost:3000/_next/static/chunks/webpack.js?v=1783571355236:29:33)
    at fn (http://localhost:3000/_next/static/chunks/webpack.js?v=1783571355236:361:21)
    at eval (webpack-internal:///(app-pages-browser)/./src/lib/auth-context.tsx:11:71)
    at (app-pages-browser)/./src/lib/auth-context.tsx (http://localhost:3000/_next/static/chunks/app/app/page.js:401:1)
    at options.factory (http://localhost:3000/_next/static/chunks/webpack.js?v=1783571355236:704:31)
    at __webpack_require__ (http://localhost:3000/_next/static/chunks/webpack.js?v=1783571355236:29:33)
    at fn (http://localhost:3000/_next/static/chunks/webpack.js?v=1783571355236:361:21)
    at eval (webpack-internal:///(app-pages-browser)/./src/app/auth-provider-page.tsx:6:75)
    at (app-pages-browser)/./src/app/auth-provider-page.tsx (http://localhost:3000/_next/static/chunks/app/app/page.js:280:1)
    at options.factory (http://localhost:3000/_next/static/chunks/webpack.js?v=1783571355236:704:31)
    at __webpack_require__ (http://localhost:3000/_next/static/chunks/webpack.js?v=1783571355236:29:33)
    at fn (http://localhost:3000/_next/static/chunks/webpack.js?v=1783571355236:361:21)
    at eval (webpack-internal:///(app-pages-browser)/./src/app/app/page.tsx:9:81)
    at (app-pages-browser)/./src/app/app/page.tsx (http://localhost:3000/_next/static/chunks/app/app/page.js:258:1)
    at options.factory (http://localhost:3000/_next/static/chunks/webpack.js?v=1783571355236:704:31)
    at __webpack_require__ (http://localhost:3000/_next/static/chunks/webpack.js?v=1783571355236:29:33)
    at fn (http://localhost:3000/_next/static/chunks/webpack.js?v=1783571355236:361:21)
[     437ms] ReferenceError: process is not defined
    at eval (webpack-internal:///(app-pages-browser)/./src/lib/firebase.ts:14:14)
    at (app-pages-browser)/./src/lib/firebase.ts (http://localhost:3000/_next/static/chunks/app/app/page.js:434:1)
    at options.factory (http://localhost:3000/_next/static/chunks/webpack.js?v=1783571355236:704:31)
    at __webpack_require__ (http://localhost:3000/_next/static/chunks/webpack.js?v=1783571355236:29:33)
    at fn (http://localhost:3000/_next/static/chunks/webpack.js?v=1783571355236:361:21)
    at eval (webpack-internal:///(app-pages-browser)/./src/lib/auth-context.tsx:11:71)
    at (app-pages-browser)/./src/lib/auth-context.tsx (http://localhost:3000/_next/static/chunks/app/app/page.js:401:1)
    at options.factory (http://localhost:3000/_next/static/chunks/webpack.js?v=1783571355236:704:31)
    at __webpack_require__ (http://localhost:3000/_next/static/chunks/webpack.js?v=1783571355236:29:33)
    at fn (http://localhost:3000/_next/static/chunks/webpack.js?v=1783571355236:361:21)
    at eval (webpack-internal:///(app-pages-browser)/./src/app/auth-provider-page.tsx:6:75)
    at (app-pages-browser)/./src/app/auth-provider-page.tsx (http://localhost:3000/_next/static/chunks/app/app/page.js:280:1)
    at options.factory (http://localhost:3000/_next/static/chunks/webpack.js?v=1783571355236:704:31)
    at __webpack_require__ (http://localhost:3000/_next/static/chunks/webpack.js?v=1783571355236:29:33)
    at fn (http://localhost:3000/_next/static/chunks/webpack.js?v=1783571355236:361:21)
    at eval (webpack-internal:///(app-pages-browser)/./src/app/app/page.tsx:9:81)
    at (app-pages-browser)/./src/app/app/page.tsx (http://localhost:3000/_next/static/chunks/app/app/page.js:258:1)
    at options.factory (http://localhost:3000/_next/static/chunks/webpack.js?v=1783571355236:704:31)
    at __webpack_require__ (http://localhost:3000/_next/static/chunks/webpack.js?v=1783571355236:29:33)
    at fn (http://localhost:3000/_next/static/chunks/webpack.js?v=1783571355236:361:21)
    at requireModule (webpack-internal:///(app-pages-browser)/./node_modules/next/dist/compiled/react-server-dom-webpack/cjs/react-server-dom-webpack-client.browser.development.js:100:27)
    at initializeModuleChunk (webpack-internal:///(app-pages-browser)/./node_modules/next/dist/compiled/react-server-dom-webpack/cjs/react-server-dom-webpack-client.browser.development.js:1299:21)
    at getOutlinedModel (webpack-internal:///(app-pages-browser)/./node_modules/next/dist/compiled/react-server-dom-webpack/cjs/react-server-dom-webpack-client.browser.development.js:1685:11)
    at parseModelString (webpack-internal:///(app-pages-browser)/./node_modules/next/dist/compiled/react-server-dom-webpack/cjs/react-server-dom-webpack-client.browser.development.js:2043:15)
    at Object.eval (webpack-internal:///(app-pages-browser)/./node_modules/next/dist/compiled/react-server-dom-webpack/cjs/react-server-dom-webpack-client.browser.development.js:3056:20)
    at JSON.parse (<anonymous>)
    at initializeModelChunk (webpack-internal:///(app-pages-browser)/./node_modules/next/dist/compiled/react-server-dom-webpack/cjs/react-server-dom-webpack-client.browser.development.js:1273:26)
    at resolveModelChunk (webpack-internal:///(app-pages-browser)/./node_modules/next/dist/compiled/react-server-dom-webpack/cjs/react-server-dom-webpack-client.browser.development.js:1127:12)
    at processFullStringRow (webpack-internal:///(app-pages-browser)/./node_modules/next/dist/compiled/react-server-dom-webpack/cjs/react-server-dom-webpack-client.browser.development.js:2958:19)
    at processFullBinaryRow (webpack-internal:///(app-pages-browser)/./node_modules/next/dist/compiled/react-server-dom-webpack/cjs/react-server-dom-webpack-client.browser.development.js:2825:7)
    at processBinaryChunk (webpack-internal:///(app-pages-browser)/./node_modules/next/dist/compiled/react-server-dom-webpack/cjs/react-server-dom-webpack-client.browser.development.js:3028:15)
    at progress (webpack-internal:///(app-pages-browser)/./node_modules/next/dist/compiled/react-server-dom-webpack/cjs/react-server-dom-webpack-client.browser.development.js:3294:13)
[   50347ms] [LOG] [Fast Refresh] rebuilding @ webpack-internal:///(app-pages-browser)/./node_modules/next/dist/client/dev/hot-reloader/app/hot-reloader-app.js:196
[   50620ms] [WARNING] [Fast Refresh] performing full reload because your application had an unrecoverable error @ webpack-internal:///(app-pages-browser)/./node_modules/next/dist/client/dev/hot-reloader/app/hot-reloader-app.js:113
[   51192ms] [INFO] %cDownload the React DevTools for a better development experience: https://react.dev/link/react-devtools font-weight:bold @ webpack-internal:///(app-pages-browser)/./node_modules/next/dist/compiled/react-dom/cjs/react-dom-client.development.js:25630
