[     359ms] [INFO] %cDownload the React DevTools for a better development experience: https://react.dev/link/react-devtools font-weight:bold @ webpack-internal:///(app-pages-browser)/./node_modules/next/dist/compiled/react-dom/cjs/react-dom-client.development.js:25630
[     438ms] ReferenceError: process is not defined
    at eval (webpack-internal:///(app-pages-browser)/./src/lib/firebase.ts:14:14)
    at (app-pages-browser)/./src/lib/firebase.ts (http://localhost:3000/_next/static/chunks/app/app/page.js:390:1)
    at options.factory (http://localhost:3000/_next/static/chunks/webpack.js?v=1783570649551:704:31)
    at __webpack_require__ (http://localhost:3000/_next/static/chunks/webpack.js?v=1783570649551:29:33)
    at fn (http://localhost:3000/_next/static/chunks/webpack.js?v=1783570649551:361:21)
    at eval (webpack-internal:///(app-pages-browser)/./src/lib/auth-context.tsx:11:71)
    at (app-pages-browser)/./src/lib/auth-context.tsx (http://localhost:3000/_next/static/chunks/app/app/page.js:379:1)
    at options.factory (http://localhost:3000/_next/static/chunks/webpack.js?v=1783570649551:704:31)
    at __webpack_require__ (http://localhost:3000/_next/static/chunks/webpack.js?v=1783570649551:29:33)
    at fn (http://localhost:3000/_next/static/chunks/webpack.js?v=1783570649551:361:21)
    at eval (webpack-internal:///(app-pages-browser)/./src/app/auth-provider-page.tsx:6:75)
    at (app-pages-browser)/./src/app/auth-provider-page.tsx (http://localhost:3000/_next/static/chunks/app/app/page.js:269:1)
    at options.factory (http://localhost:3000/_next/static/chunks/webpack.js?v=1783570649551:704:31)
    at __webpack_require__ (http://localhost:3000/_next/static/chunks/webpack.js?v=1783570649551:29:33)
    at fn (http://localhost:3000/_next/static/chunks/webpack.js?v=1783570649551:361:21)
    at eval (webpack-internal:///(app-pages-browser)/./src/app/app/page.tsx:9:81)
    at (app-pages-browser)/./src/app/app/page.tsx (http://localhost:3000/_next/static/chunks/app/app/page.js:247:1)
    at options.factory (http://localhost:3000/_next/static/chunks/webpack.js?v=1783570649551:704:31)
    at __webpack_require__ (http://localhost:3000/_next/static/chunks/webpack.js?v=1783570649551:29:33)
    at fn (http://localhost:3000/_next/static/chunks/webpack.js?v=1783570649551:361:21)
[     461ms] ReferenceError: process is not defined
    at eval (webpack-internal:///(app-pages-browser)/./src/lib/firebase.ts:14:14)
    at (app-pages-browser)/./src/lib/firebase.ts (http://localhost:3000/_next/static/chunks/app/app/page.js:390:1)
    at options.factory (http://localhost:3000/_next/static/chunks/webpack.js?v=1783570649551:704:31)
    at __webpack_require__ (http://localhost:3000/_next/static/chunks/webpack.js?v=1783570649551:29:33)
    at fn (http://localhost:3000/_next/static/chunks/webpack.js?v=1783570649551:361:21)
    at eval (webpack-internal:///(app-pages-browser)/./src/lib/auth-context.tsx:11:71)
    at (app-pages-browser)/./src/lib/auth-context.tsx (http://localhost:3000/_next/static/chunks/app/app/page.js:379:1)
    at options.factory (http://localhost:3000/_next/static/chunks/webpack.js?v=1783570649551:704:31)
    at __webpack_require__ (http://localhost:3000/_next/static/chunks/webpack.js?v=1783570649551:29:33)
    at fn (http://localhost:3000/_next/static/chunks/webpack.js?v=1783570649551:361:21)
    at eval (webpack-internal:///(app-pages-browser)/./src/app/auth-provider-page.tsx:6:75)
    at (app-pages-browser)/./src/app/auth-provider-page.tsx (http://localhost:3000/_next/static/chunks/app/app/page.js:269:1)
    at options.factory (http://localhost:3000/_next/static/chunks/webpack.js?v=1783570649551:704:31)
    at __webpack_require__ (http://localhost:3000/_next/static/chunks/webpack.js?v=1783570649551:29:33)
    at fn (http://localhost:3000/_next/static/chunks/webpack.js?v=1783570649551:361:21)
    at eval (webpack-internal:///(app-pages-browser)/./src/app/app/page.tsx:9:81)
    at (app-pages-browser)/./src/app/app/page.tsx (http://localhost:3000/_next/static/chunks/app/app/page.js:247:1)
    at options.factory (http://localhost:3000/_next/static/chunks/webpack.js?v=1783570649551:704:31)
    at __webpack_require__ (http://localhost:3000/_next/static/chunks/webpack.js?v=1783570649551:29:33)
    at fn (http://localhost:3000/_next/static/chunks/webpack.js?v=1783570649551:361:21)
    at requireModule (webpack-internal:///(app-pages-browser)/./node_modules/next/dist/compiled/react-server-dom-webpack/cjs/react-server-dom-webpack-client.browser.development.js:100:27)
    at initializeModuleChunk (webpack-internal:///(app-pages-browser)/./node_modules/next/dist/compiled/react-server-dom-webpack/cjs/react-server-dom-webpack-client.browser.development.js:1299:21)
    at getOutlinedModel (webpack-internal:///(app-pages-browser)/./node_modules/next/dist/compiled/react-server-dom-webpack/cjs/react-server-dom-webpack-client.browser.development.js:1685:11)
    at parseModelString (webpack-internal:///(app-pages-browser)/./node_modules/next/dist/compiled/react-server-dom-webpack/cjs/react-server-dom-webpack-client.browser.development.js:2043:15)
    at Object.eval (webpack-internal:///(app-pages-browser)/./node_modules/next/dist/compiled/react-server-dom-webpack/cjs/react-server-dom-webpack-client.browser.development.js:3056:20)
    at JSON.parse (<anonymous>)
    at initializeModelChunk (webpack-internal:///(app-pages-browser)/./node_modules/next/dist/compiled/react-server-dom-webpack/cjs/react-server-dom-webpack-client.browser.development.js:1273:26)
    at resolveModelChunk (webpack-internal:///(app-pages-browser)/./node_modules/next/dist/compiled/react-server-dom-webpack/cjs/react-server-dom-webpack-client.browser.development.js:1127:12)
    at processFullStringRow (webpack-internal:///(app-pages-browser)/./node_modules/next/dist/compiled/react-server-dom-webpack/cjs/react-server-dom-webpack-client.browser.development.js:2958:19)
    at processFullBinaryRow (webpack-internal:///(app-pages-browser)/./node_modules/next/dist/compiled/react-server-dom-webpack/cjs/react-server-dom-webpack-client.browser.development.js:2825:7)
    at processBinaryChunk (webpack-internal:///(app-pages-browser)/./node_modules/next/dist/compiled/react-server-dom-webpack/cjs/react-server-dom-webpack-client.browser.development.js:3028:15)
    at progress (webpack-internal:///(app-pages-browser)/./node_modules/next/dist/compiled/react-server-dom-webpack/cjs/react-server-dom-webpack-client.browser.development.js:3294:13)
[  538603ms] [LOG] [Fast Refresh] rebuilding @ webpack-internal:///(app-pages-browser)/./node_modules/next/dist/client/dev/hot-reloader/app/hot-reloader-app.js:196
[  538895ms] [WARNING] [Fast Refresh] performing full reload because your application had an unrecoverable error @ webpack-internal:///(app-pages-browser)/./node_modules/next/dist/client/dev/hot-reloader/app/hot-reloader-app.js:113
[  539289ms] [INFO] %cDownload the React DevTools for a better development experience: https://react.dev/link/react-devtools font-weight:bold @ webpack-internal:///(app-pages-browser)/./node_modules/next/dist/compiled/react-dom/cjs/react-dom-client.development.js:25630
[  539327ms] ReferenceError: process is not defined
    at eval (webpack-internal:///(app-pages-browser)/./src/lib/firebase.ts:14:14)
    at (app-pages-browser)/./src/lib/firebase.ts (http://localhost:3000/_next/static/chunks/app/app/page.js:390:1)
    at options.factory (http://localhost:3000/_next/static/chunks/webpack.js?v=1783571188433:704:31)
    at __webpack_require__ (http://localhost:3000/_next/static/chunks/webpack.js?v=1783571188433:29:33)
    at fn (http://localhost:3000/_next/static/chunks/webpack.js?v=1783571188433:361:21)
    at eval (webpack-internal:///(app-pages-browser)/./src/lib/auth-context.tsx:11:71)
    at (app-pages-browser)/./src/lib/auth-context.tsx (http://localhost:3000/_next/static/chunks/app/app/page.js:379:1)
    at options.factory (http://localhost:3000/_next/static/chunks/webpack.js?v=1783571188433:704:31)
    at __webpack_require__ (http://localhost:3000/_next/static/chunks/webpack.js?v=1783571188433:29:33)
    at fn (http://localhost:3000/_next/static/chunks/webpack.js?v=1783571188433:361:21)
    at eval (webpack-internal:///(app-pages-browser)/./src/app/auth-provider-page.tsx:6:75)
    at (app-pages-browser)/./src/app/auth-provider-page.tsx (http://localhost:3000/_next/static/chunks/app/app/page.js:269:1)
    at options.factory (http://localhost:3000/_next/static/chunks/webpack.js?v=1783571188433:704:31)
    at __webpack_require__ (http://localhost:3000/_next/static/chunks/webpack.js?v=1783571188433:29:33)
    at fn (http://localhost:3000/_next/static/chunks/webpack.js?v=1783571188433:361:21)
    at eval (webpack-internal:///(app-pages-browser)/./src/app/app/page.tsx:9:81)
    at (app-pages-browser)/./src/app/app/page.tsx (http://localhost:3000/_next/static/chunks/app/app/page.js:247:1)
    at options.factory (http://localhost:3000/_next/static/chunks/webpack.js?v=1783571188433:704:31)
    at __webpack_require__ (http://localhost:3000/_next/static/chunks/webpack.js?v=1783571188433:29:33)
    at fn (http://localhost:3000/_next/static/chunks/webpack.js?v=1783571188433:361:21)
[  539349ms] ReferenceError: process is not defined
    at eval (webpack-internal:///(app-pages-browser)/./src/lib/firebase.ts:14:14)
    at (app-pages-browser)/./src/lib/firebase.ts (http://localhost:3000/_next/static/chunks/app/app/page.js:390:1)
    at options.factory (http://localhost:3000/_next/static/chunks/webpack.js?v=1783571188433:704:31)
    at __webpack_require__ (http://localhost:3000/_next/static/chunks/webpack.js?v=1783571188433:29:33)
    at fn (http://localhost:3000/_next/static/chunks/webpack.js?v=1783571188433:361:21)
    at eval (webpack-internal:///(app-pages-browser)/./src/lib/auth-context.tsx:11:71)
    at (app-pages-browser)/./src/lib/auth-context.tsx (http://localhost:3000/_next/static/chunks/app/app/page.js:379:1)
    at options.factory (http://localhost:3000/_next/static/chunks/webpack.js?v=1783571188433:704:31)
    at __webpack_require__ (http://localhost:3000/_next/static/chunks/webpack.js?v=1783571188433:29:33)
    at fn (http://localhost:3000/_next/static/chunks/webpack.js?v=1783571188433:361:21)
    at eval (webpack-internal:///(app-pages-browser)/./src/app/auth-provider-page.tsx:6:75)
    at (app-pages-browser)/./src/app/auth-provider-page.tsx (http://localhost:3000/_next/static/chunks/app/app/page.js:269:1)
    at options.factory (http://localhost:3000/_next/static/chunks/webpack.js?v=1783571188433:704:31)
    at __webpack_require__ (http://localhost:3000/_next/static/chunks/webpack.js?v=1783571188433:29:33)
    at fn (http://localhost:3000/_next/static/chunks/webpack.js?v=1783571188433:361:21)
    at eval (webpack-internal:///(app-pages-browser)/./src/app/app/page.tsx:9:81)
    at (app-pages-browser)/./src/app/app/page.tsx (http://localhost:3000/_next/static/chunks/app/app/page.js:247:1)
    at options.factory (http://localhost:3000/_next/static/chunks/webpack.js?v=1783571188433:704:31)
    at __webpack_require__ (http://localhost:3000/_next/static/chunks/webpack.js?v=1783571188433:29:33)
    at fn (http://localhost:3000/_next/static/chunks/webpack.js?v=1783571188433:361:21)
    at requireModule (webpack-internal:///(app-pages-browser)/./node_modules/next/dist/compiled/react-server-dom-webpack/cjs/react-server-dom-webpack-client.browser.development.js:100:27)
    at initializeModuleChunk (webpack-internal:///(app-pages-browser)/./node_modules/next/dist/compiled/react-server-dom-webpack/cjs/react-server-dom-webpack-client.browser.development.js:1299:21)
    at getOutlinedModel (webpack-internal:///(app-pages-browser)/./node_modules/next/dist/compiled/react-server-dom-webpack/cjs/react-server-dom-webpack-client.browser.development.js:1685:11)
    at parseModelString (webpack-internal:///(app-pages-browser)/./node_modules/next/dist/compiled/react-server-dom-webpack/cjs/react-server-dom-webpack-client.browser.development.js:2043:15)
    at Object.eval (webpack-internal:///(app-pages-browser)/./node_modules/next/dist/compiled/react-server-dom-webpack/cjs/react-server-dom-webpack-client.browser.development.js:3056:20)
    at JSON.parse (<anonymous>)
    at initializeModelChunk (webpack-internal:///(app-pages-browser)/./node_modules/next/dist/compiled/react-server-dom-webpack/cjs/react-server-dom-webpack-client.browser.development.js:1273:26)
    at resolveModelChunk (webpack-internal:///(app-pages-browser)/./node_modules/next/dist/compiled/react-server-dom-webpack/cjs/react-server-dom-webpack-client.browser.development.js:1127:12)
    at processFullStringRow (webpack-internal:///(app-pages-browser)/./node_modules/next/dist/compiled/react-server-dom-webpack/cjs/react-server-dom-webpack-client.browser.development.js:2958:19)
    at processFullBinaryRow (webpack-internal:///(app-pages-browser)/./node_modules/next/dist/compiled/react-server-dom-webpack/cjs/react-server-dom-webpack-client.browser.development.js:2825:7)
    at processBinaryChunk (webpack-internal:///(app-pages-browser)/./node_modules/next/dist/compiled/react-server-dom-webpack/cjs/react-server-dom-webpack-client.browser.development.js:3028:15)
    at progress (webpack-internal:///(app-pages-browser)/./node_modules/next/dist/compiled/react-server-dom-webpack/cjs/react-server-dom-webpack-client.browser.development.js:3294:13)
[  550703ms] [LOG] [Fast Refresh] rebuilding @ webpack-internal:///(app-pages-browser)/./node_modules/next/dist/client/dev/hot-reloader/app/hot-reloader-app.js:196
[  550802ms] [WARNING] [Fast Refresh] performing full reload because your application had an unrecoverable error @ webpack-internal:///(app-pages-browser)/./node_modules/next/dist/client/dev/hot-reloader/app/hot-reloader-app.js:113
[  551148ms] [INFO] %cDownload the React DevTools for a better development experience: https://react.dev/link/react-devtools font-weight:bold @ webpack-internal:///(app-pages-browser)/./node_modules/next/dist/compiled/react-dom/cjs/react-dom-client.development.js:25630
[  551182ms] ReferenceError: process is not defined
    at eval (webpack-internal:///(app-pages-browser)/./src/lib/firebase.ts:14:14)
    at (app-pages-browser)/./src/lib/firebase.ts (http://localhost:3000/_next/static/chunks/app/app/page.js:390:1)
    at options.factory (http://localhost:3000/_next/static/chunks/webpack.js?v=1783571200338:704:31)
    at __webpack_require__ (http://localhost:3000/_next/static/chunks/webpack.js?v=1783571200338:29:33)
    at fn (http://localhost:3000/_next/static/chunks/webpack.js?v=1783571200338:361:21)
    at eval (webpack-internal:///(app-pages-browser)/./src/lib/auth-context.tsx:11:71)
    at (app-pages-browser)/./src/lib/auth-context.tsx (http://localhost:3000/_next/static/chunks/app/app/page.js:379:1)
    at options.factory (http://localhost:3000/_next/static/chunks/webpack.js?v=1783571200338:704:31)
    at __webpack_require__ (http://localhost:3000/_next/static/chunks/webpack.js?v=1783571200338:29:33)
    at fn (http://localhost:3000/_next/static/chunks/webpack.js?v=1783571200338:361:21)
    at eval (webpack-internal:///(app-pages-browser)/./src/app/auth-provider-page.tsx:6:75)
    at (app-pages-browser)/./src/app/auth-provider-page.tsx (http://localhost:3000/_next/static/chunks/app/app/page.js:269:1)
    at options.factory (http://localhost:3000/_next/static/chunks/webpack.js?v=1783571200338:704:31)
    at __webpack_require__ (http://localhost:3000/_next/static/chunks/webpack.js?v=1783571200338:29:33)
    at fn (http://localhost:3000/_next/static/chunks/webpack.js?v=1783571200338:361:21)
    at eval (webpack-internal:///(app-pages-browser)/./src/app/app/page.tsx:9:81)
    at (app-pages-browser)/./src/app/app/page.tsx (http://localhost:3000/_next/static/chunks/app/app/page.js:247:1)
    at options.factory (http://localhost:3000/_next/static/chunks/webpack.js?v=1783571200338:704:31)
    at __webpack_require__ (http://localhost:3000/_next/static/chunks/webpack.js?v=1783571200338:29:33)
    at fn (http://localhost:3000/_next/static/chunks/webpack.js?v=1783571200338:361:21)
[  551202ms] ReferenceError: process is not defined
    at eval (webpack-internal:///(app-pages-browser)/./src/lib/firebase.ts:14:14)
    at (app-pages-browser)/./src/lib/firebase.ts (http://localhost:3000/_next/static/chunks/app/app/page.js:390:1)
    at options.factory (http://localhost:3000/_next/static/chunks/webpack.js?v=1783571200338:704:31)
    at __webpack_require__ (http://localhost:3000/_next/static/chunks/webpack.js?v=1783571200338:29:33)
    at fn (http://localhost:3000/_next/static/chunks/webpack.js?v=1783571200338:361:21)
    at eval (webpack-internal:///(app-pages-browser)/./src/lib/auth-context.tsx:11:71)
    at (app-pages-browser)/./src/lib/auth-context.tsx (http://localhost:3000/_next/static/chunks/app/app/page.js:379:1)
    at options.factory (http://localhost:3000/_next/static/chunks/webpack.js?v=1783571200338:704:31)
    at __webpack_require__ (http://localhost:3000/_next/static/chunks/webpack.js?v=1783571200338:29:33)
    at fn (http://localhost:3000/_next/static/chunks/webpack.js?v=1783571200338:361:21)
    at eval (webpack-internal:///(app-pages-browser)/./src/app/auth-provider-page.tsx:6:75)
    at (app-pages-browser)/./src/app/auth-provider-page.tsx (http://localhost:3000/_next/static/chunks/app/app/page.js:269:1)
    at options.factory (http://localhost:3000/_next/static/chunks/webpack.js?v=1783571200338:704:31)
    at __webpack_require__ (http://localhost:3000/_next/static/chunks/webpack.js?v=1783571200338:29:33)
    at fn (http://localhost:3000/_next/static/chunks/webpack.js?v=1783571200338:361:21)
    at eval (webpack-internal:///(app-pages-browser)/./src/app/app/page.tsx:9:81)
    at (app-pages-browser)/./src/app/app/page.tsx (http://localhost:3000/_next/static/chunks/app/app/page.js:247:1)
    at options.factory (http://localhost:3000/_next/static/chunks/webpack.js?v=1783571200338:704:31)
    at __webpack_require__ (http://localhost:3000/_next/static/chunks/webpack.js?v=1783571200338:29:33)
    at fn (http://localhost:3000/_next/static/chunks/webpack.js?v=1783571200338:361:21)
    at requireModule (webpack-internal:///(app-pages-browser)/./node_modules/next/dist/compiled/react-server-dom-webpack/cjs/react-server-dom-webpack-client.browser.development.js:100:27)
    at initializeModuleChunk (webpack-internal:///(app-pages-browser)/./node_modules/next/dist/compiled/react-server-dom-webpack/cjs/react-server-dom-webpack-client.browser.development.js:1299:21)
    at getOutlinedModel (webpack-internal:///(app-pages-browser)/./node_modules/next/dist/compiled/react-server-dom-webpack/cjs/react-server-dom-webpack-client.browser.development.js:1685:11)
    at parseModelString (webpack-internal:///(app-pages-browser)/./node_modules/next/dist/compiled/react-server-dom-webpack/cjs/react-server-dom-webpack-client.browser.development.js:2043:15)
    at Object.eval (webpack-internal:///(app-pages-browser)/./node_modules/next/dist/compiled/react-server-dom-webpack/cjs/react-server-dom-webpack-client.browser.development.js:3056:20)
    at JSON.parse (<anonymous>)
    at initializeModelChunk (webpack-internal:///(app-pages-browser)/./node_modules/next/dist/compiled/react-server-dom-webpack/cjs/react-server-dom-webpack-client.browser.development.js:1273:26)
    at resolveModelChunk (webpack-internal:///(app-pages-browser)/./node_modules/next/dist/compiled/react-server-dom-webpack/cjs/react-server-dom-webpack-client.browser.development.js:1127:12)
    at processFullStringRow (webpack-internal:///(app-pages-browser)/./node_modules/next/dist/compiled/react-server-dom-webpack/cjs/react-server-dom-webpack-client.browser.development.js:2958:19)
    at processFullBinaryRow (webpack-internal:///(app-pages-browser)/./node_modules/next/dist/compiled/react-server-dom-webpack/cjs/react-server-dom-webpack-client.browser.development.js:2825:7)
    at processBinaryChunk (webpack-internal:///(app-pages-browser)/./node_modules/next/dist/compiled/react-server-dom-webpack/cjs/react-server-dom-webpack-client.browser.development.js:3028:15)
    at progress (webpack-internal:///(app-pages-browser)/./node_modules/next/dist/compiled/react-server-dom-webpack/cjs/react-server-dom-webpack-client.browser.development.js:3294:13)
[  609516ms] [LOG] [Fast Refresh] rebuilding @ webpack-internal:///(app-pages-browser)/./node_modules/next/dist/client/dev/hot-reloader/app/hot-reloader-app.js:196
[  610576ms] [WARNING] [Fast Refresh] performing full reload because your application had an unrecoverable error @ webpack-internal:///(app-pages-browser)/./node_modules/next/dist/client/dev/hot-reloader/app/hot-reloader-app.js:113
[  611238ms] [INFO] %cDownload the React DevTools for a better development experience: https://react.dev/link/react-devtools font-weight:bold @ webpack-internal:///(app-pages-browser)/./node_modules/next/dist/compiled/react-dom/cjs/react-dom-client.development.js:25630
[  611310ms] ReferenceError: process is not defined
    at eval (webpack-internal:///(app-pages-browser)/./src/lib/firebase.ts:14:14)
    at (app-pages-browser)/./src/lib/firebase.ts (http://localhost:3000/_next/static/chunks/app/app/page.js:434:1)
    at options.factory (http://localhost:3000/_next/static/chunks/webpack.js?v=1783571260282:704:31)
    at __webpack_require__ (http://localhost:3000/_next/static/chunks/webpack.js?v=1783571260282:29:33)
    at fn (http://localhost:3000/_next/static/chunks/webpack.js?v=1783571260282:361:21)
    at eval (webpack-internal:///(app-pages-browser)/./src/lib/auth-context.tsx:11:71)
    at (app-pages-browser)/./src/lib/auth-context.tsx (http://localhost:3000/_next/static/chunks/app/app/page.js:401:1)
    at options.factory (http://localhost:3000/_next/static/chunks/webpack.js?v=1783571260282:704:31)
    at __webpack_require__ (http://localhost:3000/_next/static/chunks/webpack.js?v=1783571260282:29:33)
    at fn (http://localhost:3000/_next/static/chunks/webpack.js?v=1783571260282:361:21)
    at eval (webpack-internal:///(app-pages-browser)/./src/app/auth-provider-page.tsx:6:75)
    at (app-pages-browser)/./src/app/auth-provider-page.tsx (http://localhost:3000/_next/static/chunks/app/app/page.js:280:1)
    at options.factory (http://localhost:3000/_next/static/chunks/webpack.js?v=1783571260282:704:31)
    at __webpack_require__ (http://localhost:3000/_next/static/chunks/webpack.js?v=1783571260282:29:33)
    at fn (http://localhost:3000/_next/static/chunks/webpack.js?v=1783571260282:361:21)
    at eval (webpack-internal:///(app-pages-browser)/./src/app/app/page.tsx:9:81)
    at (app-pages-browser)/./src/app/app/page.tsx (http://localhost:3000/_next/static/chunks/app/app/page.js:258:1)
    at options.factory (http://localhost:3000/_next/static/chunks/webpack.js?v=1783571260282:704:31)
    at __webpack_require__ (http://localhost:3000/_next/static/chunks/webpack.js?v=1783571260282:29:33)
    at fn (http://localhost:3000/_next/static/chunks/webpack.js?v=1783571260282:361:21)
[  611332ms] ReferenceError: process is not defined
    at eval (webpack-internal:///(app-pages-browser)/./src/lib/firebase.ts:14:14)
    at (app-pages-browser)/./src/lib/firebase.ts (http://localhost:3000/_next/static/chunks/app/app/page.js:434:1)
    at options.factory (http://localhost:3000/_next/static/chunks/webpack.js?v=1783571260282:704:31)
    at __webpack_require__ (http://localhost:3000/_next/static/chunks/webpack.js?v=1783571260282:29:33)
    at fn (http://localhost:3000/_next/static/chunks/webpack.js?v=1783571260282:361:21)
    at eval (webpack-internal:///(app-pages-browser)/./src/lib/auth-context.tsx:11:71)
    at (app-pages-browser)/./src/lib/auth-context.tsx (http://localhost:3000/_next/static/chunks/app/app/page.js:401:1)
    at options.factory (http://localhost:3000/_next/static/chunks/webpack.js?v=1783571260282:704:31)
    at __webpack_require__ (http://localhost:3000/_next/static/chunks/webpack.js?v=1783571260282:29:33)
    at fn (http://localhost:3000/_next/static/chunks/webpack.js?v=1783571260282:361:21)
    at eval (webpack-internal:///(app-pages-browser)/./src/app/auth-provider-page.tsx:6:75)
    at (app-pages-browser)/./src/app/auth-provider-page.tsx (http://localhost:3000/_next/static/chunks/app/app/page.js:280:1)
    at options.factory (http://localhost:3000/_next/static/chunks/webpack.js?v=1783571260282:704:31)
    at __webpack_require__ (http://localhost:3000/_next/static/chunks/webpack.js?v=1783571260282:29:33)
    at fn (http://localhost:3000/_next/static/chunks/webpack.js?v=1783571260282:361:21)
    at eval (webpack-internal:///(app-pages-browser)/./src/app/app/page.tsx:9:81)
    at (app-pages-browser)/./src/app/app/page.tsx (http://localhost:3000/_next/static/chunks/app/app/page.js:258:1)
    at options.factory (http://localhost:3000/_next/static/chunks/webpack.js?v=1783571260282:704:31)
    at __webpack_require__ (http://localhost:3000/_next/static/chunks/webpack.js?v=1783571260282:29:33)
    at fn (http://localhost:3000/_next/static/chunks/webpack.js?v=1783571260282:361:21)
    at requireModule (webpack-internal:///(app-pages-browser)/./node_modules/next/dist/compiled/react-server-dom-webpack/cjs/react-server-dom-webpack-client.browser.development.js:100:27)
    at initializeModuleChunk (webpack-internal:///(app-pages-browser)/./node_modules/next/dist/compiled/react-server-dom-webpack/cjs/react-server-dom-webpack-client.browser.development.js:1299:21)
    at getOutlinedModel (webpack-internal:///(app-pages-browser)/./node_modules/next/dist/compiled/react-server-dom-webpack/cjs/react-server-dom-webpack-client.browser.development.js:1685:11)
    at parseModelString (webpack-internal:///(app-pages-browser)/./node_modules/next/dist/compiled/react-server-dom-webpack/cjs/react-server-dom-webpack-client.browser.development.js:2043:15)
    at Object.eval (webpack-internal:///(app-pages-browser)/./node_modules/next/dist/compiled/react-server-dom-webpack/cjs/react-server-dom-webpack-client.browser.development.js:3056:20)
    at JSON.parse (<anonymous>)
    at initializeModelChunk (webpack-internal:///(app-pages-browser)/./node_modules/next/dist/compiled/react-server-dom-webpack/cjs/react-server-dom-webpack-client.browser.development.js:1273:26)
    at resolveModelChunk (webpack-internal:///(app-pages-browser)/./node_modules/next/dist/compiled/react-server-dom-webpack/cjs/react-server-dom-webpack-client.browser.development.js:1127:12)
    at processFullStringRow (webpack-internal:///(app-pages-browser)/./node_modules/next/dist/compiled/react-server-dom-webpack/cjs/react-server-dom-webpack-client.browser.development.js:2958:19)
    at processFullBinaryRow (webpack-internal:///(app-pages-browser)/./node_modules/next/dist/compiled/react-server-dom-webpack/cjs/react-server-dom-webpack-client.browser.development.js:2825:7)
    at processBinaryChunk (webpack-internal:///(app-pages-browser)/./node_modules/next/dist/compiled/react-server-dom-webpack/cjs/react-server-dom-webpack-client.browser.development.js:3028:15)
    at progress (webpack-internal:///(app-pages-browser)/./node_modules/next/dist/compiled/react-server-dom-webpack/cjs/react-server-dom-webpack-client.browser.development.js:3294:13)
[  636329ms] [LOG] [Fast Refresh] rebuilding @ webpack-internal:///(app-pages-browser)/./node_modules/next/dist/client/dev/hot-reloader/app/hot-reloader-app.js:196
[  636424ms] [WARNING] [Fast Refresh] performing full reload because your application had an unrecoverable error @ webpack-internal:///(app-pages-browser)/./node_modules/next/dist/client/dev/hot-reloader/app/hot-reloader-app.js:113
[  636632ms] [LOG] [Fast Refresh] rebuilding @ webpack-internal:///(app-pages-browser)/./node_modules/next/dist/client/dev/hot-reloader/app/hot-reloader-app.js:196
[  637376ms] [WARNING] [Fast Refresh] performing full reload because your application had an unrecoverable error @ webpack-internal:///(app-pages-browser)/./node_modules/next/dist/client/dev/hot-reloader/app/hot-reloader-app.js:113
[  640647ms] [ERROR] Failed to load resource: the server responded with a status of 500 (Internal Server Error) @ http://localhost:3000/app:0
